2026-08-03 09:06:38,320 DEBUG cd frappe-bench && uv venv env --seed --python /opt/homebrew/bin/python3.12
2026-08-03 09:06:40,757 LOG Getting frappe
2026-08-03 09:06:40,757 DEBUG cd frappe-bench/apps && git clone https://github.com/frappe/frappe.git --branch version-15 --depth 1 --origin upstream
2026-08-03 09:06:49,802 LOG Installing frappe
2026-08-03 09:06:49,803 DEBUG cd /Users/anthonywaichungo/Documents/Projects/Personal/UN/lms/frappe-bench && uv pip install --quiet -e /Users/anthonywaichungo/Documents/Projects/Personal/UN/lms/frappe-bench/apps/frappe  --python /Users/anthonywaichungo/Documents/Projects/Personal/UN/lms/frappe-bench/env/bin/python
2026-08-03 09:07:43,179 DEBUG cd /Users/anthonywaichungo/Documents/Projects/Personal/UN/lms/frappe-bench/apps/frappe && yarn install --check-files
2026-08-03 09:08:17,034 DEBUG cd frappe-bench && bench build
2026-08-03 09:08:17,154 INFO /Users/anthonywaichungo/.local/bin/bench build
2026-08-03 09:08:27,855 LOG setting up backups
2026-08-03 09:11:40,983 LOG backups were set up
2026-08-03 09:11:40,984 INFO Bench frappe-bench initialized
2026-08-03 09:12:02,715 INFO /Users/anthonywaichungo/.local/bin/bench new-site learning.test --mariadb-root-password DB.Pass?1 --admin-password TC.Pass?1
2026-08-03 09:13:03,201 INFO /Users/anthonywaichungo/.local/bin/bench --site learning.test add-to-hosts
2026-08-03 09:13:15,353 INFO /Users/anthonywaichungo/.local/bin/bench get-app --branch version-15 https://github.com/frappe/payments
2026-08-03 09:13:15,365 LOG Getting payments
2026-08-03 09:13:15,366 DEBUG cd ./apps && git clone https://github.com/frappe/payments --branch version-15 --depth 1 --origin upstream
2026-08-03 09:13:16,811 LOG Installing payments
2026-08-03 09:13:16,811 DEBUG cd /Users/anthonywaichungo/Documents/Projects/Personal/UN/lms/frappe-bench && uv pip install --quiet -e /Users/anthonywaichungo/Documents/Projects/Personal/UN/lms/frappe-bench/apps/payments  --python /Users/anthonywaichungo/Documents/Projects/Personal/UN/lms/frappe-bench/env/bin/python
2026-08-03 09:13:17,909 DEBUG bench build --app payments
2026-08-03 09:13:17,997 INFO /Users/anthonywaichungo/.local/bin/bench build --app payments
2026-08-03 09:13:30,055 INFO /Users/anthonywaichungo/.local/bin/bench get-app https://github.com/frappe/lms
2026-08-03 09:13:30,068 LOG Getting lms
2026-08-03 09:13:30,068 DEBUG cd ./apps && git clone https://github.com/frappe/lms  --depth 1 --origin upstream
2026-08-03 09:13:48,017 LOG Installing lms
2026-08-03 09:13:48,017 DEBUG cd /Users/anthonywaichungo/Documents/Projects/Personal/UN/lms/frappe-bench && uv pip install --quiet -e /Users/anthonywaichungo/Documents/Projects/Personal/UN/lms/frappe-bench/apps/lms  --python /Users/anthonywaichungo/Documents/Projects/Personal/UN/lms/frappe-bench/env/bin/python
2026-08-03 09:13:52,452 DEBUG cd /Users/anthonywaichungo/Documents/Projects/Personal/UN/lms/frappe-bench/apps/lms && yarn install --check-files
2026-08-03 09:14:04,561 DEBUG bench build --app lms
2026-08-03 09:14:04,676 INFO /Users/anthonywaichungo/.local/bin/bench build --app lms
2026-08-03 09:16:00,056 INFO /Users/anthonywaichungo/.local/bin/bench --site learning.test install-app lms
2026-08-03 09:18:12,709 INFO /Users/anthonywaichungo/.local/bin/bench start
2026-08-03 09:18:12,994 INFO /Users/anthonywaichungo/.local/bin/bench serve --port 8000
2026-08-03 09:18:12,996 INFO /Users/anthonywaichungo/.local/bin/bench schedule
2026-08-03 09:18:12,996 INFO /Users/anthonywaichungo/.local/bin/bench watch
2026-08-03 09:18:13,006 INFO /Users/anthonywaichungo/.local/bin/bench socketio
2026-08-03 09:18:13,012 INFO /Users/anthonywaichungo/.local/bin/bench worker
2026-08-03 11:35:21,551 INFO /Users/anthonywaichungo/.local/bin/bench start
2026-08-03 11:35:21,842 INFO /Users/anthonywaichungo/.local/bin/bench watch
2026-08-03 11:35:21,842 INFO /Users/anthonywaichungo/.local/bin/bench serve --port 8000
2026-08-03 11:35:21,852 INFO /Users/anthonywaichungo/.local/bin/bench worker
2026-08-03 11:35:21,853 INFO /Users/anthonywaichungo/.local/bin/bench socketio
2026-08-03 11:35:21,861 INFO /Users/anthonywaichungo/.local/bin/bench schedule
2026-08-03 13:37:30,754 INFO /Users/anthonywaichungo/.local/bin/bench start
2026-08-03 13:37:31,085 INFO /Users/anthonywaichungo/.local/bin/bench serve --port 8000
2026-08-03 13:37:31,097 INFO /Users/anthonywaichungo/.local/bin/bench socketio
2026-08-03 13:37:31,100 INFO /Users/anthonywaichungo/.local/bin/bench schedule
2026-08-03 13:37:31,102 INFO /Users/anthonywaichungo/.local/bin/bench watch
2026-08-03 13:37:31,104 INFO /Users/anthonywaichungo/.local/bin/bench worker
2026-08-04 09:47:56,528 INFO /Users/anthonywaichungo/.local/bin/bench start
2026-08-04 09:47:56,793 INFO /Users/anthonywaichungo/.local/bin/bench worker
2026-08-04 09:47:56,793 INFO /Users/anthonywaichungo/.local/bin/bench watch
2026-08-04 09:47:56,799 INFO /Users/anthonywaichungo/.local/bin/bench serve --port 8000
2026-08-04 09:47:56,801 INFO /Users/anthonywaichungo/.local/bin/bench socketio
2026-08-04 09:47:56,805 INFO /Users/anthonywaichungo/.local/bin/bench schedule
2026-08-04 11:03:43,812 INFO /Users/anthonywaichungo/.local/bin/bench start
2026-08-04 11:03:44,139 INFO /Users/anthonywaichungo/.local/bin/bench schedule
2026-08-04 11:03:44,144 INFO /Users/anthonywaichungo/.local/bin/bench worker
2026-08-04 11:03:44,146 INFO /Users/anthonywaichungo/.local/bin/bench watch
2026-08-04 11:03:44,150 INFO /Users/anthonywaichungo/.local/bin/bench serve --port 8000
2026-08-04 11:03:44,151 INFO /Users/anthonywaichungo/.local/bin/bench socketio
2026-08-04 13:42:16,901 INFO /Users/anthonywaichungo/.local/bin/bench start
2026-08-04 13:42:17,206 INFO /Users/anthonywaichungo/.local/bin/bench serve --port 8000
2026-08-04 13:42:17,212 INFO /Users/anthonywaichungo/.local/bin/bench socketio
2026-08-04 13:42:17,218 INFO /Users/anthonywaichungo/.local/bin/bench schedule
2026-08-04 13:42:17,222 INFO /Users/anthonywaichungo/.local/bin/bench watch
2026-08-04 13:42:17,228 INFO /Users/anthonywaichungo/.local/bin/bench worker
2026-08-04 13:44:23,063 INFO /Users/anthonywaichungo/.local/bin/bench --version
2026-08-04 13:44:23,162 INFO /Users/anthonywaichungo/.local/bin/bench --site learning.test mariadb --help
2026-08-04 13:44:28,427 INFO /Users/anthonywaichungo/.local/bin/bench --site learning.test mariadb -e SELECT name, enable_outgoing, default_outgoing, smtp_server, smtp_port, use_ssl_for_outgoing, use_starttls, no_smtp_authentication, enable_incoming FROM `tabEmail Account`; SELECT name, login_with_email_link, rate_limit_email_link_login, login_with_email_link_expiry FROM `tabSystem Settings`; SELECT name, status, creation, modified, retry, error FROM `tabEmail Queue` ORDER BY modified DESC LIMIT 20;
2026-08-04 13:44:35,780 INFO /Users/anthonywaichungo/.local/bin/bench --site learning.test doctor
2026-08-04 13:50:13,443 INFO /Users/anthonywaichungo/.local/bin/bench --site learning.test mariadb -e SELECT name, enable_outgoing, default_outgoing, smtp_server, smtp_port, use_ssl_for_outgoing, use_starttls, no_smtp_authentication, enable_incoming FROM `tabEmail Account`; SELECT login_with_email_link, rate_limit_email_link_login, login_with_email_link_expiry FROM `tabSystem Settings`; SELECT name, status, creation, modified, retry, error FROM `tabEmail Queue` ORDER BY modified DESC LIMIT 20;
2026-08-04 13:50:27,747 INFO /Users/anthonywaichungo/.local/bin/bench --site learning.test mariadb -e SELECT field, value FROM `tabSingles` WHERE doctype = 'System Settings' AND field IN ('login_with_email_link', 'rate_limit_email_link_login', 'login_with_email_link_expiry'); SELECT name, status, creation, modified, retry FROM `tabEmail Queue` ORDER BY modified DESC LIMIT 20; SELECT name, error, creation FROM `tabError Log` WHERE method IN ('Login link email could not be sent', 'Login link generation failed unexpectedly') OR error LIKE '%Login link%' ORDER BY creation DESC LIMIT 10;
2026-08-04 14:05:25,135 INFO /Users/anthonywaichungo/.local/bin/bench --site learning.test set-password john.doe@example.com test1234
2026-08-04 14:06:04,427 INFO /Users/anthonywaichungo/.local/bin/bench --site learning.test set-password jane.smith@example.com test1234
2026-08-04 14:06:30,716 INFO /Users/anthonywaichungo/.local/bin/bench --site learning.test set-password ash@ipp.com test1234
2026-08-04 20:43:23,666 INFO /Users/anthonywaichungo/.local/bin/bench --site learning.test migrate --skip-failing
2026-08-04 20:54:30,677 INFO /Users/anthonywaichungo/.local/bin/bench --site learning.test run-tests --module lms.tests.security.test_video_access
2026-08-04 20:55:21,722 INFO /Users/anthonywaichungo/.local/bin/bench --site learning.test set-config allow_tests true
2026-08-04 20:55:22,052 INFO /Users/anthonywaichungo/.local/bin/bench --site learning.test run-tests --module lms.tests.security.test_video_access
2026-08-04 20:55:33,529 INFO /Users/anthonywaichungo/.local/bin/bench --site learning.test run-tests --help
2026-08-04 20:55:39,928 INFO /Users/anthonywaichungo/.local/bin/bench --site learning.test run-tests --module lms.tests.security.test_video_access --skip-before-tests
2026-08-04 20:56:08,376 INFO /Users/anthonywaichungo/.local/bin/bench --site learning.test run-tests --module lms.tests.security.test_serve_resource --skip-before-tests
2026-08-04 20:56:09,104 INFO /Users/anthonywaichungo/.local/bin/bench --site learning.test run-tests --module lms.tests.test_utils --skip-before-tests
2026-08-04 21:18:57,573 INFO /Users/anthonywaichungo/.local/bin/bench --site learning.test run-tests --module lms.tests.test_validate_image
2026-08-04 21:19:33,652 INFO /Users/anthonywaichungo/.local/bin/bench --site learning.test run-tests --skip-before-tests --module lms.tests.test_validate_image
2026-08-04 21:20:00,321 INFO /Users/anthonywaichungo/.local/bin/bench --site learning.test execute inspect.run --profile
2026-08-04 21:20:38,120 INFO /Users/anthonywaichungo/.local/bin/bench --site learning.test console
2026-08-04 21:21:18,320 INFO /Users/anthonywaichungo/.local/bin/bench --site learning.test console
2026-08-04 21:21:53,093 INFO /Users/anthonywaichungo/.local/bin/bench --site learning.test console
2026-08-04 21:22:47,389 INFO /Users/anthonywaichungo/.local/bin/bench --site learning.test console
2026-08-04 21:23:29,352 INFO /Users/anthonywaichungo/.local/bin/bench --site learning.test console
2026-08-06 14:22:39,089 INFO /Users/anthonywaichungo/.local/bin/bench start
2026-08-06 14:22:39,431 INFO /Users/anthonywaichungo/.local/bin/bench watch
2026-08-06 14:22:39,431 INFO /Users/anthonywaichungo/.local/bin/bench socketio
2026-08-06 14:22:39,433 INFO /Users/anthonywaichungo/.local/bin/bench worker
2026-08-06 14:22:39,433 INFO /Users/anthonywaichungo/.local/bin/bench schedule
2026-08-06 14:22:39,438 INFO /Users/anthonywaichungo/.local/bin/bench serve --port 8000
2026-08-06 15:18:14,793 INFO /Users/anthonywaichungo/.local/bin/bench start
2026-08-06 15:18:15,081 INFO /Users/anthonywaichungo/.local/bin/bench serve --port 8000
2026-08-06 15:18:15,084 INFO /Users/anthonywaichungo/.local/bin/bench schedule
2026-08-06 15:18:15,090 INFO /Users/anthonywaichungo/.local/bin/bench watch
2026-08-06 15:18:15,092 INFO /Users/anthonywaichungo/.local/bin/bench worker
2026-08-06 15:18:15,095 INFO /Users/anthonywaichungo/.local/bin/bench socketio
2026-08-06 16:29:01,711 INFO /Users/anthonywaichungo/.local/bin/bench --site learning.test run-tests --module lms.lms.doctype.course_lesson.test_course_lesson
