2026-08-03 09:16:07,898 WARNING database DDL Query made to DB:
create table `tabLMS Assessment` (
			name varchar(140) primary key,
			creation datetime(6),
			modified datetime(6),
			modified_by varchar(140),
			owner varchar(140),
			docstatus int(1) not null default '0',
			idx int(8) not null default '0',
			`assessment_type` varchar(140),
`assessment_name` varchar(140),
parent varchar(140),
parentfield varchar(140),
parenttype varchar(140),
index parent(parent))
			ENGINE=InnoDB
			ROW_FORMAT=DYNAMIC
			CHARACTER SET=utf8mb4
			COLLATE=utf8mb4_unicode_ci
2026-08-03 09:16:07,975 WARNING database DDL Query made to DB:
create table `tabLMS Quiz Question` (
			name varchar(140) primary key,
			creation datetime(6),
			modified datetime(6),
			modified_by varchar(140),
			owner varchar(140),
			docstatus int(1) not null default '0',
			idx int(8) not null default '0',
			`question` varchar(140),
`marks` int(11) not null default 1,
`question_detail` text,
`type` varchar(140),
parent varchar(140),
parentfield varchar(140),
parenttype varchar(140),
index parent(parent))
			ENGINE=InnoDB
			ROW_FORMAT=DYNAMIC
			CHARACTER SET=utf8mb4
			COLLATE=utf8mb4_unicode_ci
2026-08-03 09:16:08,049 WARNING database DDL Query made to DB:
create table `tabLMS Course Interest` (
			name varchar(140) primary key,
			creation datetime(6),
			modified datetime(6),
			modified_by varchar(140),
			owner varchar(140),
			docstatus int(1) not null default '0',
			idx int(8) not null default '0',
			`course` varchar(140),
`user` varchar(140),
`email_sent` int(1) not null default 0,
`_user_tags` text,
`_comments` text,
`_assign` text,
`_liked_by` text,
index modified(modified))
			ENGINE=InnoDB
			ROW_FORMAT=DYNAMIC
			CHARACTER SET=utf8mb4
			COLLATE=utf8mb4_unicode_ci
2026-08-03 09:16:08,127 WARNING database DDL Query made to DB:
create table `tabEducation Detail` (
			name varchar(140) primary key,
			creation datetime(6),
			modified datetime(6),
			modified_by varchar(140),
			owner varchar(140),
			docstatus int(1) not null default '0',
			idx int(8) not null default '0',
			`institution_name` varchar(140),
`location` varchar(140),
`degree_type` varchar(140),
`major` varchar(140),
`grade_type` varchar(140),
`grade` varchar(140),
`start_date` date,
`end_date` date,
parent varchar(140),
parentfield varchar(140),
parenttype varchar(140),
index parent(parent))
			ENGINE=InnoDB
			ROW_FORMAT=DYNAMIC
			CHARACTER SET=utf8mb4
			COLLATE=utf8mb4_unicode_ci
2026-08-03 09:16:08,215 WARNING database DDL Query made to DB:
create table `tabLMS Enrollment` (
			name varchar(140) primary key,
			creation datetime(6),
			modified datetime(6),
			modified_by varchar(140),
			owner varchar(140),
			docstatus int(1) not null default '0',
			idx int(8) not null default '0',
			`course` varchar(140),
`progress` decimal(21,9) not null default 0,
`payment` varchar(140),
`current_lesson` varchar(140),
`enrollment_from_batch` varchar(140),
`member` varchar(140),
`member_name` varchar(140),
`member_username` varchar(140),
`member_image` text,
`purchased_certificate` int(1) not null default 0,
`certificate` varchar(140),
`member_type` varchar(140) default 'Student',
`role` varchar(140) default 'Member',
`_user_tags` text,
`_comments` text,
`_assign` text,
`_liked_by` text,
index `course`(`course`),
index `member`(`member`),
index modified(modified))
			ENGINE=InnoDB
			ROW_FORMAT=DYNAMIC
			CHARACTER SET=utf8mb4
			COLLATE=utf8mb4_unicode_ci
2026-08-03 09:16:08,304 WARNING database DDL Query made to DB:
create table `tabLMS Sidebar Item` (
			name varchar(140) primary key,
			creation datetime(6),
			modified datetime(6),
			modified_by varchar(140),
			owner varchar(140),
			docstatus int(1) not null default '0',
			idx int(8) not null default '0',
			`web_page` varchar(140),
`title` varchar(140),
`icon` varchar(140),
`route` varchar(140),
parent varchar(140),
parentfield varchar(140),
parenttype varchar(140),
index parent(parent))
			ENGINE=InnoDB
			ROW_FORMAT=DYNAMIC
			CHARACTER SET=utf8mb4
			COLLATE=utf8mb4_unicode_ci
2026-08-03 09:16:08,390 WARNING database DDL Query made to DB:
create table `tabLMS Timetable Template` (
			name varchar(140) primary key,
			creation datetime(6),
			modified datetime(6),
			modified_by varchar(140),
			owner varchar(140),
			docstatus int(1) not null default '0',
			idx int(8) not null default '0',
			`title` varchar(140),
`_user_tags` text,
`_comments` text,
`_assign` text,
`_liked_by` text,
index modified(modified))
			ENGINE=InnoDB
			ROW_FORMAT=DYNAMIC
			CHARACTER SET=utf8mb4
			COLLATE=utf8mb4_unicode_ci
2026-08-03 09:16:08,458 WARNING database DDL Query made to DB:
create table `tabLMS Course Mentor Mapping` (
			name varchar(140) primary key,
			creation datetime(6),
			modified datetime(6),
			modified_by varchar(140),
			owner varchar(140),
			docstatus int(1) not null default '0',
			idx int(8) not null default '0',
			`course` varchar(140),
`mentor` varchar(140),
`mentor_name` varchar(140),
`_user_tags` text,
`_comments` text,
`_assign` text,
`_liked_by` text,
index modified(modified))
			ENGINE=InnoDB
			ROW_FORMAT=DYNAMIC
			CHARACTER SET=utf8mb4
			COLLATE=utf8mb4_unicode_ci
2026-08-03 09:16:08,532 WARNING database DDL Query made to DB:
create table `tabLMS Lesson Note` (
			name varchar(140) primary key,
			creation datetime(6),
			modified datetime(6),
			modified_by varchar(140),
			owner varchar(140),
			docstatus int(1) not null default '0',
			idx int(8) not null default '0',
			`lesson` varchar(140),
`course` varchar(140),
`member` varchar(140),
`color` varchar(140),
`highlighted_text` text,
`note` longtext,
`_user_tags` text,
`_comments` text,
`_assign` text,
`_liked_by` text,
index modified(modified))
			ENGINE=InnoDB
			ROW_FORMAT=DYNAMIC
			CHARACTER SET=utf8mb4
			COLLATE=utf8mb4_unicode_ci
2026-08-03 09:16:08,608 WARNING database DDL Query made to DB:
create table `tabLMS Course Progress` (
			name varchar(140) primary key,
			creation datetime(6),
			modified datetime(6),
			modified_by varchar(140),
			owner varchar(140),
			docstatus int(1) not null default '0',
			idx int(8) not null default '0',
			`member` varchar(140),
`member_name` varchar(140),
`status` varchar(140),
`lesson` varchar(140),
`chapter` varchar(140),
`course` varchar(140),
`is_scorm_chapter` int(1) not null default 0,
`scorm_content` longtext,
`_user_tags` text,
`_comments` text,
`_assign` text,
`_liked_by` text,
index `member`(`member`),
index `status`(`status`),
index `lesson`(`lesson`),
index `chapter`(`chapter`),
index `course`(`course`),
index `is_scorm_chapter`(`is_scorm_chapter`),
index modified(modified))
			ENGINE=InnoDB
			ROW_FORMAT=DYNAMIC
			CHARACTER SET=utf8mb4
			COLLATE=utf8mb4_unicode_ci
2026-08-03 09:16:08,678 WARNING database DDL Query made to DB:
create table `tabFunction` (
			name varchar(140) primary key,
			creation datetime(6),
			modified datetime(6),
			modified_by varchar(140),
			owner varchar(140),
			docstatus int(1) not null default '0',
			idx int(8) not null default '0',
			`function` varchar(140) unique,
`_user_tags` text,
`_comments` text,
`_assign` text,
`_liked_by` text,
index modified(modified))
			ENGINE=InnoDB
			ROW_FORMAT=DYNAMIC
			CHARACTER SET=utf8mb4
			COLLATE=utf8mb4_unicode_ci
2026-08-03 09:16:08,757 WARNING database DDL Query made to DB:
create table `tabLMS Google Meet Settings` (
			name varchar(140) primary key,
			creation datetime(6),
			modified datetime(6),
			modified_by varchar(140),
			owner varchar(140),
			docstatus int(1) not null default '0',
			idx int(8) not null default '0',
			`enabled` int(1) not null default 0,
`account_name` varchar(140) unique,
`member` varchar(140),
`member_name` varchar(140),
`member_image` text,
`google_calendar` varchar(140),
`_user_tags` text,
`_comments` text,
`_assign` text,
`_liked_by` text,
index modified(modified))
			ENGINE=InnoDB
			ROW_FORMAT=DYNAMIC
			CHARACTER SET=utf8mb4
			COLLATE=utf8mb4_unicode_ci
2026-08-03 09:16:08,929 WARNING database DDL Query made to DB:
create table `tabLMS Certificate Request` (
			name varchar(140) primary key,
			creation datetime(6),
			modified datetime(6),
			modified_by varchar(140),
			owner varchar(140),
			docstatus int(1) not null default '0',
			idx int(8) not null default '0',
			`course` varchar(140),
`course_title` varchar(140),
`member` varchar(140),
`member_name` varchar(140),
`evaluator` varchar(140),
`evaluator_name` varchar(140),
`batch_name` varchar(140),
`batch_title` varchar(140),
`timezone` varchar(140),
`date` date,
`day` varchar(140),
`google_meet_link` varchar(140),
`start_time` time(6),
`end_time` time(6),
`status` varchar(140),
`_user_tags` text,
`_comments` text,
`_assign` text,
`_liked_by` text,
index modified(modified))
			ENGINE=InnoDB
			ROW_FORMAT=DYNAMIC
			CHARACTER SET=utf8mb4
			COLLATE=utf8mb4_unicode_ci
2026-08-03 09:16:09,013 WARNING database DDL Query made to DB:
create table `tabLMS Program Course` (
			name varchar(140) primary key,
			creation datetime(6),
			modified datetime(6),
			modified_by varchar(140),
			owner varchar(140),
			docstatus int(1) not null default '0',
			idx int(8) not null default '0',
			`course` varchar(140),
`course_title` varchar(140),
parent varchar(140),
parentfield varchar(140),
parenttype varchar(140),
index parent(parent))
			ENGINE=InnoDB
			ROW_FORMAT=DYNAMIC
			CHARACTER SET=utf8mb4
			COLLATE=utf8mb4_unicode_ci
2026-08-03 09:16:09,077 WARNING database DDL Query made to DB:
create table `tabCourse Instructor` (
			name varchar(140) primary key,
			creation datetime(6),
			modified datetime(6),
			modified_by varchar(140),
			owner varchar(140),
			docstatus int(1) not null default '0',
			idx int(8) not null default '0',
			`instructor` varchar(140),
parent varchar(140),
parentfield varchar(140),
parenttype varchar(140),
index parent(parent))
			ENGINE=InnoDB
			ROW_FORMAT=DYNAMIC
			CHARACTER SET=utf8mb4
			COLLATE=utf8mb4_unicode_ci
2026-08-03 09:16:09,152 WARNING database DDL Query made to DB:
create table `tabWork Experience` (
			name varchar(140) primary key,
			creation datetime(6),
			modified datetime(6),
			modified_by varchar(140),
			owner varchar(140),
			docstatus int(1) not null default '0',
			idx int(8) not null default '0',
			`title` varchar(140),
`company` varchar(140),
`location` varchar(140),
`description` text,
`current` int(1) not null default 0,
`from_date` date,
`to_date` date,
parent varchar(140),
parentfield varchar(140),
parenttype varchar(140),
index parent(parent))
			ENGINE=InnoDB
			ROW_FORMAT=DYNAMIC
			CHARACTER SET=utf8mb4
			COLLATE=utf8mb4_unicode_ci
2026-08-03 09:16:09,231 WARNING database DDL Query made to DB:
create table `tabLMS Badge Assignment` (
			name varchar(140) primary key,
			creation datetime(6),
			modified datetime(6),
			modified_by varchar(140),
			owner varchar(140),
			docstatus int(1) not null default '0',
			idx int(8) not null default '0',
			`member` varchar(140),
`member_name` varchar(140),
`member_username` varchar(140),
`member_image` text,
`issued_on` date,
`badge` varchar(140),
`badge_image` text,
`badge_description` text,
`_user_tags` text,
`_comments` text,
`_assign` text,
`_liked_by` text,
index modified(modified))
			ENGINE=InnoDB
			ROW_FORMAT=DYNAMIC
			CHARACTER SET=utf8mb4
			COLLATE=utf8mb4_unicode_ci
2026-08-03 09:16:09,355 WARNING database DDL Query made to DB:
create table `tabLMS Course` (
			name varchar(140) primary key,
			creation datetime(6),
			modified datetime(6),
			modified_by varchar(140),
			owner varchar(140),
			docstatus int(1) not null default '0',
			idx int(8) not null default '0',
			`title` varchar(140),
`video_link` varchar(140),
`tags` varchar(140),
`category` varchar(140),
`status` varchar(140) default 'In Progress',
`image` text,
`card_gradient` varchar(140),
`published` int(1) not null default 0,
`published_on` date,
`upcoming` int(1) not null default 0,
`featured` int(1) not null default 0,
`disable_self_learning` int(1) not null default 0,
`short_introduction` text,
`description` longtext,
`paid_course` int(1) not null default 0,
`paid_certificate` int(1) not null default 0,
`enable_certification` int(1) not null default 0,
`course_price` decimal(21,9) not null default 0,
`currency` varchar(140),
`amount_usd` decimal(21,9) not null default 0,
`evaluator` varchar(140),
`timezone` varchar(140),
`enrollments` int(11) not null default 0,
`lessons` int(11) not null default 0,
`rating` varchar(140) default '0',
`notification_sent` int(1) not null default 0,
`_user_tags` text,
`_comments` text,
`_assign` text,
`_liked_by` text,
index modified(modified))
			ENGINE=InnoDB
			ROW_FORMAT=DYNAMIC
			CHARACTER SET=utf8mb4
			COLLATE=utf8mb4_unicode_ci
2026-08-03 09:16:09,452 WARNING database DDL Query made to DB:
create table `tabLMS Quiz Submission` (
			name varchar(140) primary key,
			creation datetime(6),
			modified datetime(6),
			modified_by varchar(140),
			owner varchar(140),
			docstatus int(1) not null default '0',
			idx int(8) not null default '0',
			`quiz` varchar(140),
`quiz_title` varchar(140),
`course` varchar(140),
`member` varchar(140),
`member_name` varchar(140),
`score` int(11) not null default 0,
`score_out_of` int(11) not null default 0,
`percentage` int(11) not null default 0,
`passing_percentage` int(11) not null default 0,
`_user_tags` text,
`_comments` text,
`_assign` text,
`_liked_by` text,
index modified(modified))
			ENGINE=InnoDB
			ROW_FORMAT=DYNAMIC
			CHARACTER SET=utf8mb4
			COLLATE=utf8mb4_unicode_ci
2026-08-03 09:16:09,539 WARNING database DDL Query made to DB:
create sequence if not exists batch_course_id_seq nocache nocycle
2026-08-03 09:16:09,560 WARNING database DDL Query made to DB:
create table `tabBatch Course` (
			name bigint primary key,
			creation datetime(6),
			modified datetime(6),
			modified_by varchar(140),
			owner varchar(140),
			docstatus int(1) not null default '0',
			idx int(8) not null default '0',
			`course` varchar(140),
`title` varchar(140),
`evaluator` varchar(140),
parent varchar(140),
parentfield varchar(140),
parenttype varchar(140),
index parent(parent))
			ENGINE=InnoDB
			ROW_FORMAT=DYNAMIC
			CHARACTER SET=utf8mb4
			COLLATE=utf8mb4_unicode_ci
2026-08-03 09:16:09,662 WARNING database DDL Query made to DB:
create table `tabLMS Assignment Submission` (
			name varchar(140) primary key,
			creation datetime(6),
			modified datetime(6),
			modified_by varchar(140),
			owner varchar(140),
			docstatus int(1) not null default '0',
			idx int(8) not null default '0',
			`assignment` varchar(140),
`assignment_title` varchar(140),
`type` varchar(140),
`member` varchar(140),
`member_name` varchar(140),
`evaluator` varchar(140),
`assignment_attachment` text,
`answer` longtext,
`status` varchar(140) default 'Not Graded',
`question` longtext,
`comments` longtext,
`course` varchar(140),
`lesson` varchar(140),
`_user_tags` text,
`_comments` text,
`_assign` text,
`_liked_by` text,
index modified(modified))
			ENGINE=InnoDB
			ROW_FORMAT=DYNAMIC
			CHARACTER SET=utf8mb4
			COLLATE=utf8mb4_unicode_ci
2026-08-03 09:16:09,741 WARNING database DDL Query made to DB:
create table `tabLMS Quiz Result` (
			name varchar(140) primary key,
			creation datetime(6),
			modified datetime(6),
			modified_by varchar(140),
			owner varchar(140),
			docstatus int(1) not null default '0',
			idx int(8) not null default '0',
			`question` text,
`question_name` varchar(140),
`answer` text,
`marks` int(11) not null default 0,
`marks_out_of` int(11) not null default 0,
`is_correct` int(1) not null default 0,
parent varchar(140),
parentfield varchar(140),
parenttype varchar(140),
index parent(parent))
			ENGINE=InnoDB
			ROW_FORMAT=DYNAMIC
			CHARACTER SET=utf8mb4
			COLLATE=utf8mb4_unicode_ci
2026-08-03 09:16:09,805 WARNING database DDL Query made to DB:
create table `tabLMS Timetable Legend` (
			name varchar(140) primary key,
			creation datetime(6),
			modified datetime(6),
			modified_by varchar(140),
			owner varchar(140),
			docstatus int(1) not null default '0',
			idx int(8) not null default '0',
			`reference_doctype` varchar(140),
`label` varchar(140),
`color` varchar(140),
parent varchar(140),
parentfield varchar(140),
parenttype varchar(140),
index parent(parent))
			ENGINE=InnoDB
			ROW_FORMAT=DYNAMIC
			CHARACTER SET=utf8mb4
			COLLATE=utf8mb4_unicode_ci
2026-08-03 09:16:09,879 WARNING database DDL Query made to DB:
create table `tabLMS Batch Feedback` (
			name varchar(140) primary key,
			creation datetime(6),
			modified datetime(6),
			modified_by varchar(140),
			owner varchar(140),
			docstatus int(1) not null default '0',
			idx int(8) not null default '0',
			`member` varchar(140),
`member_name` varchar(140),
`member_image` text,
`batch` varchar(140),
`content` decimal(3,2),
`instructors` decimal(3,2),
`value` decimal(3,2),
`feedback` text,
`_user_tags` text,
`_comments` text,
`_assign` text,
`_liked_by` text,
index modified(modified))
			ENGINE=InnoDB
			ROW_FORMAT=DYNAMIC
			CHARACTER SET=utf8mb4
			COLLATE=utf8mb4_unicode_ci
2026-08-03 09:16:09,966 WARNING database DDL Query made to DB:
create table `tabLMS Video Watch Duration` (
			name varchar(140) primary key,
			creation datetime(6),
			modified datetime(6),
			modified_by varchar(140),
			owner varchar(140),
			docstatus int(1) not null default '0',
			idx int(8) not null default '0',
			`lesson` varchar(140),
`chapter` varchar(140),
`course` varchar(140),
`member` varchar(140),
`member_name` varchar(140),
`member_image` text,
`member_username` varchar(140),
`source` varchar(140),
`watch_time` varchar(140),
`_user_tags` text,
`_comments` text,
`_assign` text,
`_liked_by` text,
index modified(modified))
			ENGINE=InnoDB
			ROW_FORMAT=DYNAMIC
			CHARACTER SET=utf8mb4
			COLLATE=utf8mb4_unicode_ci
2026-08-03 09:16:10,047 WARNING database DDL Query made to DB:
ALTER TABLE `tabLMS Video Watch Duration`
				ADD INDEX IF NOT EXISTS `member_lesson_source_index`(member, lesson, source)
2026-08-03 09:16:10,112 WARNING database DDL Query made to DB:
create table `tabCourse Evaluator` (
			name varchar(140) primary key,
			creation datetime(6),
			modified datetime(6),
			modified_by varchar(140),
			owner varchar(140),
			docstatus int(1) not null default '0',
			idx int(8) not null default '0',
			`evaluator` varchar(140) unique,
`full_name` varchar(140),
`user_image` text,
`username` varchar(140),
`unavailable_from` date,
`unavailable_to` date,
`_user_tags` text,
`_comments` text,
`_assign` text,
`_liked_by` text,
index modified(modified))
			ENGINE=InnoDB
			ROW_FORMAT=DYNAMIC
			CHARACTER SET=utf8mb4
			COLLATE=utf8mb4_unicode_ci
2026-08-03 09:16:10,185 WARNING database DDL Query made to DB:
create table `tabChapter Reference` (
			name varchar(140) primary key,
			creation datetime(6),
			modified datetime(6),
			modified_by varchar(140),
			owner varchar(140),
			docstatus int(1) not null default '0',
			idx int(8) not null default '0',
			`chapter` varchar(140),
parent varchar(140),
parentfield varchar(140),
parenttype varchar(140),
index parent(parent))
			ENGINE=InnoDB
			ROW_FORMAT=DYNAMIC
			CHARACTER SET=utf8mb4
			COLLATE=utf8mb4_unicode_ci
2026-08-03 09:16:10,247 WARNING database DDL Query made to DB:
create table `tabLMS Programming Exercise Submission` (
			name varchar(140) primary key,
			creation datetime(6),
			modified datetime(6),
			modified_by varchar(140),
			owner varchar(140),
			docstatus int(1) not null default '0',
			idx int(8) not null default '0',
			`exercise` varchar(140),
`exercise_title` varchar(140),
`status` varchar(140),
`member` varchar(140),
`member_name` varchar(140),
`member_image` text,
`code` longtext,
`_user_tags` text,
`_comments` text,
`_assign` text,
`_liked_by` text,
index modified(modified))
			ENGINE=InnoDB
			ROW_FORMAT=DYNAMIC
			CHARACTER SET=utf8mb4
			COLLATE=utf8mb4_unicode_ci
2026-08-03 09:16:10,314 WARNING database DDL Query made to DB:
create table `tabIndustry` (
			name varchar(140) primary key,
			creation datetime(6),
			modified datetime(6),
			modified_by varchar(140),
			owner varchar(140),
			docstatus int(1) not null default '0',
			idx int(8) not null default '0',
			`industry` varchar(140) unique,
`_user_tags` text,
`_comments` text,
`_assign` text,
`_liked_by` text,
index modified(modified))
			ENGINE=InnoDB
			ROW_FORMAT=DYNAMIC
			CHARACTER SET=utf8mb4
			COLLATE=utf8mb4_unicode_ci
2026-08-03 09:16:10,385 WARNING database DDL Query made to DB:
create table `tabCourse Lesson` (
			name varchar(140) primary key,
			creation datetime(6),
			modified datetime(6),
			modified_by varchar(140),
			owner varchar(140),
			docstatus int(1) not null default '0',
			idx int(8) not null default '0',
			`title` varchar(140),
`include_in_preview` int(1) not null default 0,
`is_scorm_package` int(1) not null default 0,
`chapter` varchar(140),
`course` varchar(140),
`content` text,
`body` longtext,
`instructor_content` text,
`instructor_notes` longtext,
`youtube` varchar(140),
`quiz_id` varchar(140),
`question` text,
`file_type` varchar(140),
`_user_tags` text,
`_comments` text,
`_assign` text,
`_liked_by` text,
index modified(modified))
			ENGINE=InnoDB
			ROW_FORMAT=DYNAMIC
			CHARACTER SET=utf8mb4
			COLLATE=utf8mb4_unicode_ci
2026-08-03 09:16:10,520 WARNING database DDL Query made to DB:
create table `tabLMS Payment` (
			name varchar(140) primary key,
			creation datetime(6),
			modified datetime(6),
			modified_by varchar(140),
			owner varchar(140),
			docstatus int(1) not null default '0',
			idx int(8) not null default '0',
			`member` varchar(140),
`billing_name` varchar(140),
`source` varchar(140),
`payment_for_document_type` varchar(140),
`payment_for_document` varchar(140),
`payment_received` int(1) not null default 0,
`payment_for_certificate` int(1) not null default 0,
`member_consent` int(1) not null default 0,
`original_amount` decimal(21,9) not null default 0,
`discount_amount` decimal(21,9) not null default 0,
`amount` decimal(21,9) not null default 0,
`amount_with_gst` decimal(21,9) not null default 0,
`currency` varchar(140),
`coupon` varchar(140),
`coupon_code` varchar(140),
`address` varchar(140),
`payment_id` varchar(140),
`order_id` varchar(140),
`gstin` varchar(140),
`pan` varchar(140),
`_user_tags` text,
`_comments` text,
`_assign` text,
`_liked_by` text,
index modified(modified))
			ENGINE=InnoDB
			ROW_FORMAT=DYNAMIC
			CHARACTER SET=utf8mb4
			COLLATE=utf8mb4_unicode_ci
2026-08-03 09:16:10,599 WARNING database DDL Query made to DB:
alter table `tabLMS Payment`
					add unique `unique_payment_id`(payment_id)
2026-08-03 09:16:10,657 WARNING database DDL Query made to DB:
create table `tabSkills` (
			name varchar(140) primary key,
			creation datetime(6),
			modified datetime(6),
			modified_by varchar(140),
			owner varchar(140),
			docstatus int(1) not null default '0',
			idx int(8) not null default '0',
			`skill_name` varchar(140),
parent varchar(140),
parentfield varchar(140),
parenttype varchar(140),
index parent(parent))
			ENGINE=InnoDB
			ROW_FORMAT=DYNAMIC
			CHARACTER SET=utf8mb4
			COLLATE=utf8mb4_unicode_ci
2026-08-03 09:16:10,751 WARNING database DDL Query made to DB:
create table `tabLMS Coupon` (
			name varchar(140) primary key,
			creation datetime(6),
			modified datetime(6),
			modified_by varchar(140),
			owner varchar(140),
			docstatus int(1) not null default '0',
			idx int(8) not null default '0',
			`enabled` int(1) not null default 1,
`code` varchar(140) unique,
`expires_on` date,
`discount_type` varchar(140),
`percentage_discount` int(11) not null default 0,
`fixed_amount_discount` int(11) not null default 0,
`usage_limit` int(11) not null default 0,
`redemption_count` int(11) not null default 0,
`_user_tags` text,
`_comments` text,
`_assign` text,
`_liked_by` text,
index modified(modified))
			ENGINE=InnoDB
			ROW_FORMAT=DYNAMIC
			CHARACTER SET=utf8mb4
			COLLATE=utf8mb4_unicode_ci
2026-08-03 09:16:10,828 WARNING database DDL Query made to DB:
create table `tabPreferred Function` (
			name varchar(140) primary key,
			creation datetime(6),
			modified datetime(6),
			modified_by varchar(140),
			owner varchar(140),
			docstatus int(1) not null default '0',
			idx int(8) not null default '0',
			`function` varchar(140),
parent varchar(140),
parentfield varchar(140),
parenttype varchar(140),
index parent(parent))
			ENGINE=InnoDB
			ROW_FORMAT=DYNAMIC
			CHARACTER SET=utf8mb4
			COLLATE=utf8mb4_unicode_ci
2026-08-03 09:16:10,901 WARNING database DDL Query made to DB:
create table `tabLMS Option` (
			name varchar(140) primary key,
			creation datetime(6),
			modified datetime(6),
			modified_by varchar(140),
			owner varchar(140),
			docstatus int(1) not null default '0',
			idx int(8) not null default '0',
			`option` varchar(140),
`is_correct` int(1) not null default 0,
parent varchar(140),
parentfield varchar(140),
parenttype varchar(140),
index parent(parent))
			ENGINE=InnoDB
			ROW_FORMAT=DYNAMIC
			CHARACTER SET=utf8mb4
			COLLATE=utf8mb4_unicode_ci
2026-08-03 09:16:10,976 WARNING database DDL Query made to DB:
create sequence if not exists evaluator_schedule_id_seq nocache nocycle
2026-08-03 09:16:10,999 WARNING database DDL Query made to DB:
create table `tabEvaluator Schedule` (
			name bigint primary key,
			creation datetime(6),
			modified datetime(6),
			modified_by varchar(140),
			owner varchar(140),
			docstatus int(1) not null default '0',
			idx int(8) not null default '0',
			`day` varchar(140),
`start_time` time(6),
`end_time` time(6),
parent varchar(140),
parentfield varchar(140),
parenttype varchar(140),
index parent(parent))
			ENGINE=InnoDB
			ROW_FORMAT=DYNAMIC
			CHARACTER SET=utf8mb4
			COLLATE=utf8mb4_unicode_ci
2026-08-03 09:16:11,092 WARNING database DDL Query made to DB:
create table `tabLesson Reference` (
			name varchar(140) primary key,
			creation datetime(6),
			modified datetime(6),
			modified_by varchar(140),
			owner varchar(140),
			docstatus int(1) not null default '0',
			idx int(8) not null default '0',
			`lesson` varchar(140),
parent varchar(140),
parentfield varchar(140),
parenttype varchar(140),
index parent(parent))
			ENGINE=InnoDB
			ROW_FORMAT=DYNAMIC
			CHARACTER SET=utf8mb4
			COLLATE=utf8mb4_unicode_ci
2026-08-03 09:16:11,174 WARNING database DDL Query made to DB:
create table `tabRelated Courses` (
			name varchar(140) primary key,
			creation datetime(6),
			modified datetime(6),
			modified_by varchar(140),
			owner varchar(140),
			docstatus int(1) not null default '0',
			idx int(8) not null default '0',
			`course` varchar(140),
parent varchar(140),
parentfield varchar(140),
parenttype varchar(140),
index parent(parent))
			ENGINE=InnoDB
			ROW_FORMAT=DYNAMIC
			CHARACTER SET=utf8mb4
			COLLATE=utf8mb4_unicode_ci
2026-08-03 09:16:11,311 WARNING database DDL Query made to DB:
create table `tabLMS Test Case Submission` (
			name varchar(140) primary key,
			creation datetime(6),
			modified datetime(6),
			modified_by varchar(140),
			owner varchar(140),
			docstatus int(1) not null default '0',
			idx int(8) not null default '0',
			`input` varchar(140),
`expected_output` varchar(140),
`output` varchar(140),
`status` varchar(140),
parent varchar(140),
parentfield varchar(140),
parenttype varchar(140),
index parent(parent))
			ENGINE=InnoDB
			ROW_FORMAT=DYNAMIC
			CHARACTER SET=utf8mb4
			COLLATE=utf8mb4_unicode_ci
2026-08-03 09:16:11,390 WARNING database DDL Query made to DB:
create table `tabLMS Source` (
			name varchar(140) primary key,
			creation datetime(6),
			modified datetime(6),
			modified_by varchar(140),
			owner varchar(140),
			docstatus int(1) not null default '0',
			idx int(8) not null default '0',
			`source` varchar(140) unique,
`_user_tags` text,
`_comments` text,
`_assign` text,
`_liked_by` text,
index modified(modified))
			ENGINE=InnoDB
			ROW_FORMAT=DYNAMIC
			CHARACTER SET=utf8mb4
			COLLATE=utf8mb4_unicode_ci
2026-08-03 09:16:11,484 WARNING database DDL Query made to DB:
create table `tabCertification` (
			name varchar(140) primary key,
			creation datetime(6),
			modified datetime(6),
			modified_by varchar(140),
			owner varchar(140),
			docstatus int(1) not null default '0',
			idx int(8) not null default '0',
			`certification_name` varchar(140),
`organization` varchar(140),
`description` text,
`expire` int(1) not null default 0,
`issue_date` date,
`expiration_date` varchar(140),
parent varchar(140),
parentfield varchar(140),
parenttype varchar(140),
index parent(parent))
			ENGINE=InnoDB
			ROW_FORMAT=DYNAMIC
			CHARACTER SET=utf8mb4
			COLLATE=utf8mb4_unicode_ci
2026-08-03 09:16:11,609 WARNING database DDL Query made to DB:
create table `tabLMS Question` (
			name varchar(140) primary key,
			creation datetime(6),
			modified datetime(6),
			modified_by varchar(140),
			owner varchar(140),
			docstatus int(1) not null default '0',
			idx int(8) not null default '0',
			`question` longtext,
`type` varchar(140),
`multiple` int(1) not null default 0,
`option_1` text,
`is_correct_1` int(1) not null default 0,
`explanation_1` text,
`option_2` text,
`is_correct_2` int(1) not null default 0,
`explanation_2` text,
`option_3` text,
`is_correct_3` int(1) not null default 0,
`explanation_3` text,
`option_4` text,
`is_correct_4` int(1) not null default 0,
`explanation_4` text,
`option_5` text,
`is_correct_5` int(1) not null default 0,
`explanation_5` text,
`option_6` text,
`is_correct_6` int(1) not null default 0,
`explanation_6` text,
`option_7` text,
`is_correct_7` int(1) not null default 0,
`explanation_7` text,
`option_8` text,
`is_correct_8` int(1) not null default 0,
`explanation_8` text,
`option_9` text,
`is_correct_9` int(1) not null default 0,
`explanation_9` text,
`option_10` text,
`is_correct_10` int(1) not null default 0,
`explanation_10` text,
`possibility_1` text,
`possibility_3` text,
`possibility_2` text,
`possibility_4` text,
`possibility_5` text,
`possibility_6` text,
`possibility_7` text,
`possibility_8` text,
`possibility_9` text,
`possibility_10` text,
`_user_tags` text,
`_comments` text,
`_assign` text,
`_liked_by` text,
index modified(modified))
			ENGINE=InnoDB
			ROW_FORMAT=DYNAMIC
			CHARACTER SET=utf8mb4
			COLLATE=utf8mb4_unicode_ci
2026-08-03 09:16:11,700 WARNING database DDL Query made to DB:
create table `tabLMS Live Class Participant` (
			name varchar(140) primary key,
			creation datetime(6),
			modified datetime(6),
			modified_by varchar(140),
			owner varchar(140),
			docstatus int(1) not null default '0',
			idx int(8) not null default '0',
			`live_class` varchar(140),
`joined_at` datetime(6),
`duration` int(11) not null default 0,
`left_at` datetime(6),
`member` varchar(140),
`member_name` varchar(140),
`member_image` text,
`member_username` varchar(140),
`_user_tags` text,
`_comments` text,
`_assign` text,
`_liked_by` text,
index modified(modified))
			ENGINE=InnoDB
			ROW_FORMAT=DYNAMIC
			CHARACTER SET=utf8mb4
			COLLATE=utf8mb4_unicode_ci
2026-08-03 09:16:11,804 WARNING database DDL Query made to DB:
create table `tabLMS Quiz` (
			name varchar(140) primary key,
			creation datetime(6),
			modified datetime(6),
			modified_by varchar(140),
			owner varchar(140),
			docstatus int(1) not null default '0',
			idx int(8) not null default '0',
			`title` varchar(140),
`max_attempts` int(11) not null default 0,
`show_answers` int(1) not null default 1,
`show_submission_history` int(1) not null default 0,
`total_marks` int(11) not null default 0,
`passing_percentage` int(11) not null default 0,
`duration` varchar(140),
`shuffle_questions` int(1) not null default 0,
`limit_questions_to` int(11) not null default 0,
`enable_negative_marking` int(1) not null default 0,
`marks_to_cut` int(11) not null default 1,
`lesson` varchar(140),
`course` varchar(140),
`_user_tags` text,
`_comments` text,
`_assign` text,
`_liked_by` text,
index modified(modified))
			ENGINE=InnoDB
			ROW_FORMAT=DYNAMIC
			CHARACTER SET=utf8mb4
			COLLATE=utf8mb4_unicode_ci
2026-08-03 09:16:12,176 WARNING database DDL Query made to DB:
create table `tabLMS Job Application` (
			name varchar(140) primary key,
			creation datetime(6),
			modified datetime(6),
			modified_by varchar(140),
			owner varchar(140),
			docstatus int(1) not null default '0',
			idx int(8) not null default '0',
			`user` varchar(140),
`resume` text,
`job` varchar(140),
`job_title` varchar(140),
`company` varchar(140),
`_user_tags` text,
`_comments` text,
`_assign` text,
`_liked_by` text,
index modified(modified))
			ENGINE=InnoDB
			ROW_FORMAT=DYNAMIC
			CHARACTER SET=utf8mb4
			COLLATE=utf8mb4_unicode_ci
2026-08-03 09:16:12,264 WARNING database DDL Query made to DB:
create table `tabJob Opportunity` (
			name varchar(140) primary key,
			creation datetime(6),
			modified datetime(6),
			modified_by varchar(140),
			owner varchar(140),
			docstatus int(1) not null default '0',
			idx int(8) not null default '0',
			`job_title` varchar(140),
`location` varchar(140),
`country` varchar(140),
`type` varchar(140) default 'Full Time',
`work_mode` varchar(140),
`status` varchar(140) default 'Open',
`company_name` varchar(140),
`company_website` varchar(140),
`company_logo` text,
`company_email_address` varchar(140),
`description` longtext,
`_user_tags` text,
`_comments` text,
`_assign` text,
`_liked_by` text,
index modified(modified))
			ENGINE=InnoDB
			ROW_FORMAT=DYNAMIC
			CHARACTER SET=utf8mb4
			COLLATE=utf8mb4_unicode_ci
2026-08-03 09:16:14,109 WARNING database DDL Query made to DB:
ALTER TABLE `tabLMS Batch Enrollment`
				ADD INDEX IF NOT EXISTS `batch_member_index`(batch, member)
2026-08-03 09:16:14,344 WARNING database DDL Query made to DB:
ALTER TABLE `tabUser` ADD COLUMN `country` varchar(140)
2026-08-03 09:16:14,460 WARNING database DDL Query made to DB:
ALTER TABLE `tabUser` ADD COLUMN `verify_terms` int(1) not null default 0
2026-08-03 09:16:14,591 WARNING database DDL Query made to DB:
ALTER TABLE `tabUser` ADD COLUMN `user_category` varchar(140)
2026-08-03 09:16:14,724 WARNING database DDL Query made to DB:
ALTER TABLE `tabUser` ADD COLUMN `cover_image` text
2026-08-03 09:16:14,866 WARNING database DDL Query made to DB:
ALTER TABLE `tabUser` ADD COLUMN `open_to` varchar(140)
2026-08-03 09:16:15,006 WARNING database DDL Query made to DB:
ALTER TABLE `tabUser` ADD COLUMN `linkedin` varchar(140)
2026-08-03 09:16:15,144 WARNING database DDL Query made to DB:
ALTER TABLE `tabUser` ADD COLUMN `github` varchar(140)
2026-08-03 09:16:15,284 WARNING database DDL Query made to DB:
ALTER TABLE `tabUser` ADD COLUMN `twitter` varchar(140)
2026-08-03 09:16:15,426 WARNING database DDL Query made to DB:
ALTER TABLE `tabUser` ADD COLUMN `medium` varchar(140)
2026-08-03 09:16:15,564 WARNING database DDL Query made to DB:
ALTER TABLE `tabUser` ADD COLUMN `profession` varchar(140)
2026-08-03 09:16:15,699 WARNING database DDL Query made to DB:
ALTER TABLE `tabUser` ADD COLUMN `hide_private` int(1) not null default 0
2026-08-03 09:16:16,623 WARNING database DDL Query made to DB:
ALTER TABLE `tabUser` ADD COLUMN `preferred_location` varchar(140)
2026-08-03 09:16:16,895 WARNING database DDL Query made to DB:
ALTER TABLE `tabUser` ADD COLUMN `dream_companies` varchar(140)
2026-08-03 09:16:17,113 WARNING database DDL Query made to DB:
ALTER TABLE `tabUser` ADD COLUMN `attire` varchar(140)
2026-08-03 09:16:17,263 WARNING database DDL Query made to DB:
ALTER TABLE `tabUser` ADD COLUMN `collaboration` varchar(140)
2026-08-03 09:16:17,421 WARNING database DDL Query made to DB:
ALTER TABLE `tabUser` ADD COLUMN `role` varchar(140)
2026-08-03 09:16:17,676 WARNING database DDL Query made to DB:
ALTER TABLE `tabUser` ADD COLUMN `location_preference` varchar(140)
2026-08-03 09:16:17,830 WARNING database DDL Query made to DB:
ALTER TABLE `tabUser` ADD COLUMN `time` varchar(140)
2026-08-03 09:16:17,977 WARNING database DDL Query made to DB:
ALTER TABLE `tabUser` ADD COLUMN `company_type` varchar(140)
2026-08-03 09:16:18,125 WARNING database DDL Query made to DB:
ALTER TABLE `tabUser` ADD COLUMN `headline` varchar(140)
2026-08-03 09:16:18,267 WARNING database DDL Query made to DB:
ALTER TABLE `tabUser` ADD COLUMN `city` varchar(140)
2026-08-03 09:16:18,426 WARNING database DDL Query made to DB:
ALTER TABLE `tabUser` ADD COLUMN `college` varchar(140)
2026-08-03 09:16:18,577 WARNING database DDL Query made to DB:
ALTER TABLE `tabUser` ADD COLUMN `branch` varchar(140)
2026-08-04 20:43:24,588 WARNING database DDL Query made to DB:
alter table `tabDocType` add column if not exists migration_hash varchar(140)
2026-08-04 20:43:25,701 WARNING database DDL Query made to DB:
create table `tabLMS Video Audio Track` (
			name varchar(140) primary key,
			creation datetime(6),
			modified datetime(6),
			modified_by varchar(140),
			owner varchar(140),
			docstatus int(1) not null default '0',
			idx int(8) not null default '0',
			`track_index` int(11) not null default 0,
`segment_dir` varchar(140),
`manifest_lang` varchar(140),
`language` varchar(140),
`label` varchar(140),
`codec` varchar(140),
`channels` int(11) not null default 0,
`is_default` int(1) not null default 0,
`detected_language` varchar(140),
parent varchar(140),
parentfield varchar(140),
parenttype varchar(140),
index parent(parent))
			ENGINE=InnoDB
			ROW_FORMAT=DYNAMIC
			CHARACTER SET=utf8mb4
			COLLATE=utf8mb4_unicode_ci
2026-08-04 20:43:26,415 WARNING database DDL Query made to DB:
create table `tabLMS Video` (
			name varchar(140) primary key,
			creation datetime(6),
			modified datetime(6),
			modified_by varchar(140),
			owner varchar(140),
			docstatus int(1) not null default '0',
			idx int(8) not null default '0',
			`video_id` varchar(140) unique,
`title` varchar(140),
`status` varchar(140) default 'Pending',
`is_private` int(1) not null default 1,
`source_file_url` varchar(140),
`content_hash` varchar(140),
`attached_to_doctype` varchar(140),
`attached_to_name` varchar(140),
`manifest_url` varchar(140),
`poster_url` varchar(140),
`duration` decimal(21,3) not null default 0,
`width` int(11) not null default 0,
`height` int(11) not null default 0,
`error_log` longtext,
`_user_tags` text,
`_comments` text,
`_assign` text,
`_liked_by` text,
index modified(modified))
			ENGINE=InnoDB
			ROW_FORMAT=DYNAMIC
			CHARACTER SET=utf8mb4
			COLLATE=utf8mb4_unicode_ci
